CRITICAL - 2026-10-02 12:19:10 --> ErrorException: Undefined variable $error
[Method: GET, Route: login]
in APPPATH\Views\login.php on line 10.
 1 APPPATH\Views\login.php(10): CodeIgniter\Debug\Exceptions->errorHandler(2, 'Undefined variable $error', 'D:\\XAMPP\\htdocs\\electriccompany\\app\\Views\\login.php', 10)
 2 SYSTEMPATH\View\View.php(234): include('D:\\XAMPP\\htdocs\\electriccompany\\app\\Views\\login.php')
 3 SYSTEMPATH\View\View.php(237): CodeIgniter\View\View->CodeIgniter\View\{closure}()
 4 SYSTEMPATH\Common.php(1171): CodeIgniter\View\View->render('login', [], true)
 5 APPPATH\Controllers\Login.php(9): view('login', [...])
 6 SYSTEMPATH\CodeIgniter.php(933): App\Controllers\Login->index()
 7 SYSTEMPATH\CodeIgniter.php(509): CodeIgniter\CodeIgniter->runController(Object(App\Controllers\Login))
 8 SYSTEMPATH\CodeIgniter.php(355): CodeIgniter\CodeIgniter->handleRequest(null, Object(Config\Cache), false)
 9 SYSTEMPATH\Boot.php(325): CodeIgniter\CodeIgniter->run()
10 SYSTEMPATH\Boot.php(67): CodeIgniter\Boot::runCodeIgniter(Object(CodeIgniter\CodeIgniter))
11 FCPATH\index.php(56): CodeIgniter\Boot::bootWeb(Object(Config\Paths))
CRITICAL - 2026-10-02 12:19:14 --> ErrorException: Undefined variable $error
[Method: GET, Route: login]
in APPPATH\Views\login.php on line 10.
 1 APPPATH\Views\login.php(10): CodeIgniter\Debug\Exceptions->errorHandler(2, 'Undefined variable $error', 'D:\\XAMPP\\htdocs\\electriccompany\\app\\Views\\login.php', 10)
 2 SYSTEMPATH\View\View.php(234): include('D:\\XAMPP\\htdocs\\electriccompany\\app\\Views\\login.php')
 3 SYSTEMPATH\View\View.php(237): CodeIgniter\View\View->CodeIgniter\View\{closure}()
 4 SYSTEMPATH\Common.php(1171): CodeIgniter\View\View->render('login', [], true)
 5 APPPATH\Controllers\Login.php(9): view('login', [...])
 6 SYSTEMPATH\CodeIgniter.php(933): App\Controllers\Login->index()
 7 SYSTEMPATH\CodeIgniter.php(509): CodeIgniter\CodeIgniter->runController(Object(App\Controllers\Login))
 8 SYSTEMPATH\CodeIgniter.php(355): CodeIgniter\CodeIgniter->handleRequest(null, Object(Config\Cache), false)
 9 SYSTEMPATH\Boot.php(325): CodeIgniter\CodeIgniter->run()
10 SYSTEMPATH\Boot.php(67): CodeIgniter\Boot::runCodeIgniter(Object(CodeIgniter\CodeIgniter))
11 FCPATH\index.php(56): CodeIgniter\Boot::bootWeb(Object(Config\Paths))
CRITICAL - 2026-10-02 12:19:18 --> ErrorException: Undefined variable $error
[Method: GET, Route: login]
in APPPATH\Views\login.php on line 10.
 1 APPPATH\Views\login.php(10): CodeIgniter\Debug\Exceptions->errorHandler(2, 'Undefined variable $error', 'D:\\XAMPP\\htdocs\\electriccompany\\app\\Views\\login.php', 10)
 2 SYSTEMPATH\View\View.php(234): include('D:\\XAMPP\\htdocs\\electriccompany\\app\\Views\\login.php')
 3 SYSTEMPATH\View\View.php(237): CodeIgniter\View\View->CodeIgniter\View\{closure}()
 4 SYSTEMPATH\Common.php(1171): CodeIgniter\View\View->render('login', [], true)
 5 APPPATH\Controllers\Login.php(9): view('login', [...])
 6 SYSTEMPATH\CodeIgniter.php(933): App\Controllers\Login->index()
 7 SYSTEMPATH\CodeIgniter.php(509): CodeIgniter\CodeIgniter->runController(Object(App\Controllers\Login))
 8 SYSTEMPATH\CodeIgniter.php(355): CodeIgniter\CodeIgniter->handleRequest(null, Object(Config\Cache), false)
 9 SYSTEMPATH\Boot.php(325): CodeIgniter\CodeIgniter->run()
10 SYSTEMPATH\Boot.php(67): CodeIgniter\Boot::runCodeIgniter(Object(CodeIgniter\CodeIgniter))
11 FCPATH\index.php(56): CodeIgniter\Boot::bootWeb(Object(Config\Paths))
CRITICAL - 2026-10-02 12:19:48 --> ErrorException: Undefined variable $error
[Method: GET, Route: login]
in APPPATH\Views\login.php on line 10.
 1 APPPATH\Views\login.php(10): CodeIgniter\Debug\Exceptions->errorHandler(2, 'Undefined variable $error', 'D:\\XAMPP\\htdocs\\electriccompany\\app\\Views\\login.php', 10)
 2 SYSTEMPATH\View\View.php(234): include('D:\\XAMPP\\htdocs\\electriccompany\\app\\Views\\login.php')
 3 SYSTEMPATH\View\View.php(237): CodeIgniter\View\View->CodeIgniter\View\{closure}()
 4 SYSTEMPATH\Common.php(1171): CodeIgniter\View\View->render('login', [], true)
 5 APPPATH\Controllers\Login.php(9): view('login', [...])
 6 SYSTEMPATH\CodeIgniter.php(933): App\Controllers\Login->index()
 7 SYSTEMPATH\CodeIgniter.php(509): CodeIgniter\CodeIgniter->runController(Object(App\Controllers\Login))
 8 SYSTEMPATH\CodeIgniter.php(355): CodeIgniter\CodeIgniter->handleRequest(null, Object(Config\Cache), false)
 9 SYSTEMPATH\Boot.php(325): CodeIgniter\CodeIgniter->run()
10 SYSTEMPATH\Boot.php(67): CodeIgniter\Boot::runCodeIgniter(Object(CodeIgniter\CodeIgniter))
11 FCPATH\index.php(56): CodeIgniter\Boot::bootWeb(Object(Config\Paths))
CRITICAL - 2026-10-02 12:20:21 --> ErrorException: Undefined variable $error
[Method: GET, Route: login]
in APPPATH\Views\login.php on line 10.
 1 APPPATH\Views\login.php(10): CodeIgniter\Debug\Exceptions->errorHandler(2, 'Undefined variable $error', 'D:\\XAMPP\\htdocs\\electriccompany\\app\\Views\\login.php', 10)
 2 SYSTEMPATH\View\View.php(234): include('D:\\XAMPP\\htdocs\\electriccompany\\app\\Views\\login.php')
 3 SYSTEMPATH\View\View.php(237): CodeIgniter\View\View->CodeIgniter\View\{closure}()
 4 SYSTEMPATH\Common.php(1171): CodeIgniter\View\View->render('login', [], true)
 5 APPPATH\Controllers\Login.php(9): view('login', [...])
 6 SYSTEMPATH\CodeIgniter.php(933): App\Controllers\Login->index()
 7 SYSTEMPATH\CodeIgniter.php(509): CodeIgniter\CodeIgniter->runController(Object(App\Controllers\Login))
 8 SYSTEMPATH\CodeIgniter.php(355): CodeIgniter\CodeIgniter->handleRequest(null, Object(Config\Cache), false)
 9 SYSTEMPATH\Boot.php(325): CodeIgniter\CodeIgniter->run()
10 SYSTEMPATH\Boot.php(67): CodeIgniter\Boot::runCodeIgniter(Object(CodeIgniter\CodeIgniter))
11 FCPATH\index.php(56): CodeIgniter\Boot::bootWeb(Object(Config\Paths))
CRITICAL - 2026-10-02 12:20:24 --> ErrorException: Undefined variable $error
[Method: GET, Route: login]
in APPPATH\Views\login.php on line 10.
 1 APPPATH\Views\login.php(10): CodeIgniter\Debug\Exceptions->errorHandler(2, 'Undefined variable $error', 'D:\\XAMPP\\htdocs\\electriccompany\\app\\Views\\login.php', 10)
 2 SYSTEMPATH\View\View.php(234): include('D:\\XAMPP\\htdocs\\electriccompany\\app\\Views\\login.php')
 3 SYSTEMPATH\View\View.php(237): CodeIgniter\View\View->CodeIgniter\View\{closure}()
 4 SYSTEMPATH\Common.php(1171): CodeIgniter\View\View->render('login', [], true)
 5 APPPATH\Controllers\Login.php(9): view('login', [...])
 6 SYSTEMPATH\CodeIgniter.php(933): App\Controllers\Login->index()
 7 SYSTEMPATH\CodeIgniter.php(509): CodeIgniter\CodeIgniter->runController(Object(App\Controllers\Login))
 8 SYSTEMPATH\CodeIgniter.php(355): CodeIgniter\CodeIgniter->handleRequest(null, Object(Config\Cache), false)
 9 SYSTEMPATH\Boot.php(325): CodeIgniter\CodeIgniter->run()
10 SYSTEMPATH\Boot.php(67): CodeIgniter\Boot::runCodeIgniter(Object(CodeIgniter\CodeIgniter))
11 FCPATH\index.php(56): CodeIgniter\Boot::bootWeb(Object(Config\Paths))
CRITICAL - 2026-10-02 12:22:55 --> ErrorException: Undefined variable $error
[Method: GET, Route: login]
in APPPATH\Views\login.php on line 11.
 1 APPPATH\Views\login.php(11): CodeIgniter\Debug\Exceptions->errorHandler(2, 'Undefined variable $error', 'D:\\XAMPP\\htdocs\\electriccompany\\app\\Views\\login.php', 11)
 2 SYSTEMPATH\View\View.php(234): include('D:\\XAMPP\\htdocs\\electriccompany\\app\\Views\\login.php')
 3 SYSTEMPATH\View\View.php(237): CodeIgniter\View\View->CodeIgniter\View\{closure}()
 4 SYSTEMPATH\Common.php(1171): CodeIgniter\View\View->render('login', [], true)
 5 APPPATH\Controllers\Login.php(9): view('login', [...])
 6 SYSTEMPATH\CodeIgniter.php(933): App\Controllers\Login->index()
 7 SYSTEMPATH\CodeIgniter.php(509): CodeIgniter\CodeIgniter->runController(Object(App\Controllers\Login))
 8 SYSTEMPATH\CodeIgniter.php(355): CodeIgniter\CodeIgniter->handleRequest(null, Object(Config\Cache), false)
 9 SYSTEMPATH\Boot.php(325): CodeIgniter\CodeIgniter->run()
10 SYSTEMPATH\Boot.php(67): CodeIgniter\Boot::runCodeIgniter(Object(CodeIgniter\CodeIgniter))
11 FCPATH\index.php(56): CodeIgniter\Boot::bootWeb(Object(Config\Paths))
